
Memory Configuration

Name             Origin             Length             Attributes
vexriscv_debug   0x00000000f00f0000 0x0000000000000100
dff              0x0000000000000000 0x0000000000000400
dff2             0x0000000000000400 0x0000000000000200
flash            0x0000000010000000 0x0000000001000000
mprj             0x0000000030000000 0x0000000000100000
mprjram          0x0000000038000000 0x0000000000400000
hk               0x0000000026000000 0x0000000000100000
csr              0x00000000f0000000 0x0000000000010000
*default*        0x0000000000000000 0xffffffffffffffff

Linker script and memory map

                0x0000000000000000                __DYNAMIC = 0x0

.text           0x0000000010000000      0x1f4
                0x0000000010000000                _ftext = .
 *crt0*(.text)
 .text          0x0000000010000000      0x148 counter_la_fir.elf-crt0_vex.o
                0x0000000010000000                _start
                0x0000000010000020                trap_entry
 *crt0*(.text)
 *(.text.isr)
                0x0000000010000148                _etext = .
 .text          0x0000000010000148       0x28 counter_la_fir.elf-isr.o
                0x0000000010000148                isr
 .text          0x0000000010000170        0x0 counter_la_fir.elf-fir.o
 .text          0x0000000010000170       0x84 counter_la_fir.elf-counter_la_fir.o
                0x0000000010000170                putchar
                0x00000000100001bc                print

.rela.dyn       0x00000000100001f4        0x0
 .rela.text     0x00000000100001f4        0x0 counter_la_fir.elf-crt0_vex.o

.rodata         0x00000000100001f4        0x4
                0x00000000100001f8                . = ALIGN (0x8)
 *fill*         0x00000000100001f4        0x4 
                0x00000000100001f8                _frodata = .
 *(.rodata .rodata.* .gnu.linkonce.r.*)
 *(.rodata1)
                0x00000000100001f8                . = ALIGN (0x8)
                0x00000000100001f8                _erodata = .

.data           0x0000000000000000       0x58 load address 0x00000000100001f8
                0x0000000000000000                . = ALIGN (0x8)
                0x0000000000000000                _fdata = .
 *(.data .data.* .gnu.linkonce.d.*)
 .data          0x0000000000000000        0x0 counter_la_fir.elf-crt0_vex.o
 .data          0x0000000000000000        0x0 counter_la_fir.elf-isr.o
 .data          0x0000000000000000       0x54 counter_la_fir.elf-fir.o
                0x0000000000000000                A
                0x0000000000000028                taps
 .data          0x0000000000000054        0x0 counter_la_fir.elf-counter_la_fir.o
 *(.data1)
                0x0000000000000060                _gp = ALIGN (0x10)
 *(.sdata .sdata.* .gnu.linkonce.s.*)
                0x0000000000000058                . = ALIGN (0x8)
 *fill*         0x0000000000000054        0x4 
                0x0000000000000058                _edata = .

.bss            0x0000000000000058      0x158 load address 0x0000000010000250
                0x0000000000000058                . = ALIGN (0x8)
                0x0000000000000058                _fbss = .
 *(.dynsbss)
 *(.sbss .sbss.* .gnu.linkonce.sb.*)
 .sbss          0x0000000000000058        0x2 counter_la_fir.elf-isr.o
                0x0000000000000058                flag
 *(.scommon)
 *(.dynbss)
 *(.bss .bss.* .gnu.linkonce.b.*)
 .bss           0x000000000000005a        0x0 counter_la_fir.elf-crt0_vex.o
 .bss           0x000000000000005a        0x0 counter_la_fir.elf-isr.o
 *fill*         0x000000000000005a        0x2 
 .bss           0x000000000000005c      0x154 counter_la_fir.elf-fir.o
                0x000000000000005c                outputsignal
                0x0000000000000084                inputbuffer
                0x00000000000000b0                inputsignal
 .bss           0x00000000000001b0        0x0 counter_la_fir.elf-counter_la_fir.o
 *(COMMON)
                0x00000000000001b0                . = ALIGN (0x8)
                0x00000000000001b0                _ebss = .
                0x00000000000001b0                _end = .

.mprjram        0x0000000038000000      0x1a0 load address 0x0000000010000250
                0x0000000038000000                . = ALIGN (0x8)
                0x0000000038000000                _fsram = .
 *libgcc.a:*(.text .text.*)
 .mprjram       0x0000000038000000       0x7c counter_la_fir.elf-fir.o
                0x0000000038000000                initqs
                0x000000003800003c                qsort
 .mprjram       0x000000003800007c      0x124 counter_la_fir.elf-counter_la_fir.o
                0x000000003800007c                main
                0x0000000000000600                PROVIDE (_fstack = (ORIGIN (dff2) + LENGTH (dff2)))
                0x00000000100001f8                PROVIDE (_fdata_rom = LOADADDR (.data))
                [!provide]                        PROVIDE (_edata_rom = (LOADADDR (.data) + SIZEOF (.data)))
                0x00000000380001a0                PROVIDE (_esram = (ORIGIN (mprjram) + SIZEOF (.mprjram)))
                0x0000000010000250                PROVIDE (_esram_rom = LOADADDR (.mprjram))
LOAD counter_la_fir.elf-crt0_vex.o
LOAD counter_la_fir.elf-isr.o
LOAD counter_la_fir.elf-fir.o
LOAD counter_la_fir.elf-counter_la_fir.o
LOAD /opt/riscv/lib/gcc/riscv32-unknown-elf/12.1.0/libgcc.a
START GROUP
LOAD /opt/riscv/lib/gcc/riscv32-unknown-elf/12.1.0/../../../../riscv32-unknown-elf/lib/libc.a
LOAD /opt/riscv/lib/gcc/riscv32-unknown-elf/12.1.0/../../../../riscv32-unknown-elf/lib/libgloss.a
END GROUP
LOAD /opt/riscv/lib/gcc/riscv32-unknown-elf/12.1.0/libgcc.a
OUTPUT(counter_la_fir.elf elf32-littleriscv)

.riscv.attributes
                0x0000000000000000       0x20
 .riscv.attributes
                0x0000000000000000       0x1e counter_la_fir.elf-crt0_vex.o
 .riscv.attributes
                0x000000000000001e       0x20 counter_la_fir.elf-isr.o
 .riscv.attributes
                0x000000000000003e       0x1c counter_la_fir.elf-fir.o
 .riscv.attributes
                0x000000000000005a       0x1c counter_la_fir.elf-counter_la_fir.o

.comment        0x0000000000000000       0x1b
 .comment       0x0000000000000000       0x1b counter_la_fir.elf-isr.o
                                         0x1c (size before relaxing)
 .comment       0x000000000000001b       0x1c counter_la_fir.elf-fir.o
 .comment       0x000000000000001b       0x1c counter_la_fir.elf-counter_la_fir.o

.debug_line     0x0000000000000000      0x8fb
 .debug_line    0x0000000000000000      0x204 counter_la_fir.elf-crt0_vex.o
 .debug_line    0x0000000000000204       0xb3 counter_la_fir.elf-isr.o
 .debug_line    0x00000000000002b7      0x18e counter_la_fir.elf-fir.o
 .debug_line    0x0000000000000445      0x4b6 counter_la_fir.elf-counter_la_fir.o

.debug_line_str
                0x0000000000000000       0xd7
 .debug_line_str
                0x0000000000000000       0x5d counter_la_fir.elf-crt0_vex.o
 .debug_line_str
                0x000000000000005d       0x62 counter_la_fir.elf-isr.o
                                        0x103 (size before relaxing)
 .debug_line_str
                0x00000000000000bf       0x62 counter_la_fir.elf-fir.o
                                         0xdb (size before relaxing)
 .debug_line_str
                0x00000000000000bf       0x18 counter_la_fir.elf-counter_la_fir.o
                                        0x112 (size before relaxing)

.debug_info     0x0000000000000000      0x3a2
 .debug_info    0x0000000000000000       0x25 counter_la_fir.elf-crt0_vex.o
 .debug_info    0x0000000000000025       0xdc counter_la_fir.elf-isr.o
 .debug_info    0x0000000000000101      0x155 counter_la_fir.elf-fir.o
 .debug_info    0x0000000000000256      0x14c counter_la_fir.elf-counter_la_fir.o

.debug_abbrev   0x0000000000000000      0x298
 .debug_abbrev  0x0000000000000000       0x14 counter_la_fir.elf-crt0_vex.o
 .debug_abbrev  0x0000000000000014       0xa2 counter_la_fir.elf-isr.o
 .debug_abbrev  0x00000000000000b6       0xd1 counter_la_fir.elf-fir.o
 .debug_abbrev  0x0000000000000187      0x111 counter_la_fir.elf-counter_la_fir.o

.debug_aranges  0x0000000000000000       0x90
 .debug_aranges
                0x0000000000000000       0x20 counter_la_fir.elf-crt0_vex.o
 .debug_aranges
                0x0000000000000020       0x20 counter_la_fir.elf-isr.o
 .debug_aranges
                0x0000000000000040       0x28 counter_la_fir.elf-fir.o
 .debug_aranges
                0x0000000000000068       0x28 counter_la_fir.elf-counter_la_fir.o

.debug_str      0x0000000000000000      0x186
 .debug_str     0x0000000000000000       0x69 counter_la_fir.elf-crt0_vex.o
 .debug_str     0x0000000000000069       0xce counter_la_fir.elf-isr.o
                                        0x107 (size before relaxing)
 .debug_str     0x0000000000000137       0x37 counter_la_fir.elf-fir.o
                                        0x11f (size before relaxing)
 .debug_str     0x000000000000016e       0x18 counter_la_fir.elf-counter_la_fir.o
                                        0x112 (size before relaxing)

.debug_loclists
                0x0000000000000000       0x95
 .debug_loclists
                0x0000000000000000       0x19 counter_la_fir.elf-isr.o
 .debug_loclists
                0x0000000000000019       0x26 counter_la_fir.elf-fir.o
 .debug_loclists
                0x000000000000003f       0x56 counter_la_fir.elf-counter_la_fir.o

.debug_frame    0x0000000000000000       0xc8
 .debug_frame   0x0000000000000000       0x20 counter_la_fir.elf-isr.o
 .debug_frame   0x0000000000000020       0x30 counter_la_fir.elf-fir.o
 .debug_frame   0x0000000000000050       0x78 counter_la_fir.elf-counter_la_fir.o

.debug_rnglists
                0x0000000000000000       0x51
 .debug_rnglists
                0x0000000000000000       0x32 counter_la_fir.elf-fir.o
 .debug_rnglists
                0x0000000000000032       0x1f counter_la_fir.elf-counter_la_fir.o
